Resolving dependencies...
Downloading packages...
  app_links 7.2.0 (7.2.1 available)
  app_links_platform_interface 2.0.3 (2.0.4 available)
  archive 4.0.9 (4.2.0 available)
  cli_util 0.4.2 (0.6.0 available)
  clock 1.1.2 (1.1.3 available)
  cross_file 0.3.5+4 (0.3.5+5 available)
  dbus 0.7.13 (0.7.15 available)
  extension 0.6.0 (1.0.0 available)
  file_picker 11.0.2 (12.2.0 available)
  file_selector_linux 0.9.4 (0.9.4+1 available)
  file_selector_macos 0.9.5 (0.9.5+1 available)
  file_selector_windows 0.9.3+5 (0.9.3+6 available)
  flutter_dotenv 5.2.1 (6.0.1 available)
  flutter_lints 4.0.0 (6.0.0 available)
  freezed_annotation 2.4.4 (3.1.0 available)
  functions_client 2.6.4 (2.7.1 available)
  go_router 14.8.1 (18.0.1 available)
  gotrue 2.26.0 (2.27.2 available)
  html 0.15.6 (0.15.7 available)
  image 4.9.1 (4.9.2 available)
  image_picker_android 0.8.13+19 (0.8.13+22 available)
  image_picker_ios 0.8.13+6 (0.8.13+7 available)
  intl 0.20.2 (0.20.3 available)
  jni 0.14.2 (1.0.3 available)
  lints 4.0.0 (6.1.0 available)
  matcher 0.12.19 (0.12.20 available)
  material_color_utilities 0.13.0 (0.13.1 available)
  meta 1.18.0 (1.19.0 available)
  mime 2.0.0 (2.1.0 available)
  package_config 2.2.0 (3.0.0 available)
  package_info_plus 9.0.1 (10.2.1 available)
  package_info_plus_platform_interface 3.2.1 (4.1.0 available)
  passkeys_platform_interface 2.8.0 (2.9.0 available)
  pdfx 2.9.2 (2.11.0 available)
  posix 6.5.0 (6.5.2 available)
  postgrest 2.8.0 (2.9.1 available)
  process 5.0.5 (5.0.6 available)
  realtime_client 2.11.0 (2.13.0 available)
  sentry 9.26.0 (9.29.0 available)
  sentry_flutter 9.26.0 (9.29.0 available)
  shared_preferences_android 2.4.26 (2.4.28 available)
  shared_preferences_foundation 2.5.6 (2.5.7 available)
  stack_trace 1.12.1 (1.12.2 available)
  storage_client 2.6.0 (2.8.0 available)
  supabase 2.14.0 (2.16.1 available)
  supabase_flutter 2.16.0 (2.17.2 available)
  synchronized 3.4.1 (3.4.1+2 available)
  test_api 0.7.11 (0.7.14 available)
  url_launcher_android 6.3.32 (6.3.33 available)
  url_launcher_ios 6.4.1 (6.4.2 available)
  url_launcher_linux 3.2.2 (3.2.3 available)
  url_launcher_macos 3.2.5 (3.2.6 available)
  url_launcher_windows 3.1.5 (3.1.6 available)
  uuid 4.5.3 (4.6.0 available)
  vector_math 2.2.0 (2.4.2 available)
  video_player 2.13.0 (2.14.0 available)
  video_player_android 2.12.0 (2.12.2 available)
  video_player_avfoundation 2.11.0 (2.11.1 available)
  vm_service 15.2.0 (15.3.0 available)
  webview_flutter_android 4.13.0 (4.14.1 available)
  webview_flutter_wkwebview 3.26.0 (3.26.1 available)
  win32 5.15.0 (6.4.0 available)
  yaml 3.1.3 (3.1.4 available)
Got dependencies!
63 packages have newer versions incompatible with dependency constraints.
Try `flutter pub outdated` for more information.
Running Gradle task 'bundleRelease'...                          
WARNING: Your app uses the following plugins that apply Kotlin Gradle Plugin (KGP): file_picker, package_info_plus, pdfx, sentry_flutter
Future versions of Flutter will fail to build if your app uses plugins that apply KGP.

Please check the changelogs of these plugins and upgrade to a version that supports Built-in Kotlin.
If no such version exists, report the issue to the plugin. If necessary, here is a guide on filing 
an issue against a plugin: https://docs.flutter.dev/release/breaking-changes/migrate-to-built-in-kotlin/for-app-developers#report-incompatible-kotlin-gradle-plugin-usage-to-plugin-authors

If you are a plugin author, please migrate your plugin to Built-in Kotlin using this guide: https://docs.flutter.dev/release/breaking-changes/migrate-to-built-in-kotlin/for-plugin-authors
Expected to find fonts for (packages/cupertino_icons/CupertinoIcons, MaterialIcons), but found (MaterialIcons). This usually means you are referring to font families in an IconData class but not including them in the assets section of your pubspec.yaml, are missing the package that would include them, or are missing "uses-material-design: true".
Font asset "MaterialIcons-Regular.otf" was tree-shaken, reducing it from 1645184 to 18280 bytes (98.9% reduction). Tree-shaking can be disabled by providing the --no-tree-shake-icons flag when building your app.
Caught exception: Already watching path: /home/runner/work/ssambership-app-renewal/ssambership-app-renewal/android
Checking the license for package CMake 3.22.1 in /usr/local/lib/android/sdk/licenses
License for package CMake 3.22.1 accepted.
Preparing "Install CMake 3.22.1 v.3.22.1".
"Install CMake 3.22.1 v.3.22.1" ready.
Installing CMake 3.22.1 in /usr/local/lib/android/sdk/cmake/3.22.1
"Install CMake 3.22.1 v.3.22.1" complete.
"Install CMake 3.22.1 v.3.22.1" finished.
Running Gradle task 'bundleRelease'...                            343.9s
✓ Built build/app/outputs/bundle/release/app-release.aab (74.8MB)
